ERROR 2026-07-01 00:56:07,307 log Internal Server Error: /investidores/sugestao/
Traceback (most recent call last):
  File "C:\Users\Kaue_Martins\Desktop\New-startse-main\venv\Lib\site-packages\django\core\handlers\exception.py", line 55, in inner
    response = get_response(request)
               ^^^^^^^^^^^^^^^^^^^^^
  File "C:\Users\Kaue_Martins\Desktop\New-startse-main\venv\Lib\site-packages\django\core\handlers\base.py", line 197, in _get_response
    response = wrapped_callback(request, *callback_args, **callback_kwargs)
               ^^^^^^^^^^^^^^^^^^^^^^^^^^^^^^^^^^^^^^^^^^^^^^^^^^^^^^^^^^^^
  File "C:\Users\Kaue_Martins\Desktop\New-startse-main\investidores\views.py", line 39, in sugestao
    percentual = float(valor) * 100 / float(empresa.valuation)
                 ^^^^^^^^^^^^
ValueError: could not convert string to float: ''
ERROR 2026-07-01 00:56:07,326 basehttp "POST /investidores/sugestao/ HTTP/1.1" 500 77513
ERROR 2026-07-01 13:15:19,227 log Internal Server Error: /empresarios/add_metrica/4
Traceback (most recent call last):
  File "C:\Users\Kaue_Martins\Desktop\New-startse-main\venv\Lib\site-packages\django\db\models\fields\__init__.py", line 2027, in get_prep_value
    return float(value)
           ^^^^^^^^^^^^
ValueError: could not convert string to float: 'R$147.000'

The above exception was the direct cause of the following exception:

Traceback (most recent call last):
  File "C:\Users\Kaue_Martins\Desktop\New-startse-main\venv\Lib\site-packages\django\core\handlers\exception.py", line 55, in inner
    response = get_response(request)
               ^^^^^^^^^^^^^^^^^^^^^
  File "C:\Users\Kaue_Martins\Desktop\New-startse-main\venv\Lib\site-packages\django\core\handlers\base.py", line 197, in _get_response
    response = wrapped_callback(request, *callback_args, **callback_kwargs)
               ^^^^^^^^^^^^^^^^^^^^^^^^^^^^^^^^^^^^^^^^^^^^^^^^^^^^^^^^^^^^
  File "C:\Users\Kaue_Martins\Desktop\New-startse-main\empresarios\views.py", line 305, in add_metrica
    metrica.save()
  File "C:\Users\Kaue_Martins\Desktop\New-startse-main\venv\Lib\site-packages\django\db\models\base.py", line 891, in save
    self.save_base(
  File "C:\Users\Kaue_Martins\Desktop\New-startse-main\venv\Lib\site-packages\django\db\models\base.py", line 997, in save_base
    updated = self._save_table(
              ^^^^^^^^^^^^^^^^^
  File "C:\Users\Kaue_Martins\Desktop\New-startse-main\venv\Lib\site-packages\django\db\models\base.py", line 1160, in _save_table
    results = self._do_insert(
              ^^^^^^^^^^^^^^^^
  File "C:\Users\Kaue_Martins\Desktop\New-startse-main\venv\Lib\site-packages\django\db\models\base.py", line 1201, in _do_insert
    return manager._insert(
           ^^^^^^^^^^^^^^^^
  File "C:\Users\Kaue_Martins\Desktop\New-startse-main\venv\Lib\site-packages\django\db\models\manager.py", line 87, in manager_method
    return getattr(self.get_queryset(), name)(*args, **kwargs)
           ^^^^^^^^^^^^^^^^^^^^^^^^^^^^^^^^^^^^^^^^^^^^^^^^^^^
  File "C:\Users\Kaue_Martins\Desktop\New-startse-main\venv\Lib\site-packages\django\db\models\query.py", line 1847, in _insert
    return query.get_compiler(using=using).execute_sql(returning_fields)
           ^^^^^^^^^^^^^^^^^^^^^^^^^^^^^^^^^^^^^^^^^^^^^^^^^^^^^^^^^^^^^
  File "C:\Users\Kaue_Martins\Desktop\New-startse-main\venv\Lib\site-packages\django\db\models\sql\compiler.py", line 1835, in execute_sql
    for sql, params in self.as_sql():
                       ^^^^^^^^^^^^^
  File "C:\Users\Kaue_Martins\Desktop\New-startse-main\venv\Lib\site-packages\django\db\models\sql\compiler.py", line 1760, in as_sql
    self.prepare_value(field, self.pre_save_val(field, obj))
  File "C:\Users\Kaue_Martins\Desktop\New-startse-main\venv\Lib\site-packages\django\db\models\sql\compiler.py", line 1699, in prepare_value
    return field.get_db_prep_save(value, connection=self.connection)
           ^^^^^^^^^^^^^^^^^^^^^^^^^^^^^^^^^^^^^^^^^^^^^^^^^^^^^^^^^
  File "C:\Users\Kaue_Martins\Desktop\New-startse-main\venv\Lib\site-packages\django\db\models\fields\__init__.py", line 1008, in get_db_prep_save
    return self.get_db_prep_value(value, connection=connection, prepared=False)
           ^^^^^^^^^^^^^^^^^^^^^^^^^^^^^^^^^^^^^^^^^^^^^^^^^^^^^^^^^^^^^^^^^^^^
  File "C:\Users\Kaue_Martins\Desktop\New-startse-main\venv\Lib\site-packages\django\db\models\fields\__init__.py", line 1001, in get_db_prep_value
    value = self.get_prep_value(value)
            ^^^^^^^^^^^^^^^^^^^^^^^^^^
  File "C:\Users\Kaue_Martins\Desktop\New-startse-main\venv\Lib\site-packages\django\db\models\fields\__init__.py", line 2029, in get_prep_value
    raise e.__class__(
ValueError: Field 'valor' expected a number but got 'R$147.000'.
ERROR 2026-07-01 13:15:19,246 basehttp "POST /empresarios/add_metrica/4 HTTP/1.1" 500 142195
ERROR 2026-07-02 22:58:26,728 log Internal Server Error: /investidores/sugestao/
Traceback (most recent call last):
  File "C:\Users\Kaue_Martins\Desktop\New-startse-main\venv\Lib\site-packages\django\core\handlers\exception.py", line 55, in inner
    response = get_response(request)
               ^^^^^^^^^^^^^^^^^^^^^
  File "C:\Users\Kaue_Martins\Desktop\New-startse-main\venv\Lib\site-packages\django\core\handlers\base.py", line 197, in _get_response
    response = wrapped_callback(request, *callback_args, **callback_kwargs)
               ^^^^^^^^^^^^^^^^^^^^^^^^^^^^^^^^^^^^^^^^^^^^^^^^^^^^^^^^^^^^
  File "C:\Users\Kaue_Martins\Desktop\New-startse-main\investidores\views.py", line 39, in sugestao
    percentual = float(valor) * 100 / float(empresa.valuation)
                 ^^^^^^^^^^^^
ValueError: could not convert string to float: ''
ERROR 2026-07-02 22:58:26,731 basehttp "POST /investidores/sugestao/ HTTP/1.1" 500 78298
ERROR 2026-07-02 22:58:38,121 log Internal Server Error: /investidores/sugestao/
Traceback (most recent call last):
  File "C:\Users\Kaue_Martins\Desktop\New-startse-main\venv\Lib\site-packages\django\core\handlers\exception.py", line 55, in inner
    response = get_response(request)
               ^^^^^^^^^^^^^^^^^^^^^
  File "C:\Users\Kaue_Martins\Desktop\New-startse-main\venv\Lib\site-packages\django\core\handlers\base.py", line 197, in _get_response
    response = wrapped_callback(request, *callback_args, **callback_kwargs)
               ^^^^^^^^^^^^^^^^^^^^^^^^^^^^^^^^^^^^^^^^^^^^^^^^^^^^^^^^^^^^
  File "C:\Users\Kaue_Martins\Desktop\New-startse-main\investidores\views.py", line 39, in sugestao
    percentual = float(valor) * 100 / float(empresa.valuation)
                 ^^^^^^^^^^^^
ValueError: could not convert string to float: ''
ERROR 2026-07-02 22:58:38,123 basehttp "POST /investidores/sugestao/ HTTP/1.1" 500 78298
ERROR 2026-07-02 23:00:08,886 log Internal Server Error: /investidores/sugestao/
Traceback (most recent call last):
  File "C:\Users\Kaue_Martins\Desktop\New-startse-main\venv\Lib\site-packages\django\core\handlers\exception.py", line 55, in inner
    response = get_response(request)
               ^^^^^^^^^^^^^^^^^^^^^
  File "C:\Users\Kaue_Martins\Desktop\New-startse-main\venv\Lib\site-packages\django\core\handlers\base.py", line 197, in _get_response
    response = wrapped_callback(request, *callback_args, **callback_kwargs)
               ^^^^^^^^^^^^^^^^^^^^^^^^^^^^^^^^^^^^^^^^^^^^^^^^^^^^^^^^^^^^
  File "C:\Users\Kaue_Martins\Desktop\New-startse-main\investidores\views.py", line 39, in sugestao
    percentual = float(valor) * 100 / float(empresa.valuation)
                 ^^^^^^^^^^^^
ValueError: could not convert string to float: ''
ERROR 2026-07-02 23:00:08,887 basehttp "POST /investidores/sugestao/ HTTP/1.1" 500 78298
